Component: ARM Compiler 5.06 update 5 (build 528) Tool: armlink [4d35e2]

==============================================================================

Section Cross References

    main.o(.text) refers to hx711.o(.text) for Read_HX711
    main.o(.text) refers to dfltui.o(.text) for __aeabi_ui2d
    main.o(.text) refers to ddiv.o(.text) for __aeabi_ddiv
    main.o(.text) refers to dadd.o(.text) for __aeabi_dsub
    main.o(.text) refers to d2f.o(.text) for __aeabi_d2f
    main.o(.text) refers to ffixui.o(.text) for __aeabi_f2uiz
    main.o(.text) refers to ffltui.o(.text) for __aeabi_ui2f
    main.o(.text) refers to fadd.o(.text) for __aeabi_frsub
    main.o(.text) refers to cfrcmple.o(.text) for __aeabi_cfrcmple
    main.o(.text) refers to sys.o(.text) for Stm32_Clock_Init
    main.o(.text) refers to delay.o(.text) for delay_init
    main.o(.text) refers to misc.o(.text) for NVIC_PriorityGroupConfig
    main.o(.text) refers to usart.o(.text) for uart_init
    main.o(.text) refers to led.o(.text) for led_init
    main.o(.text) refers to key.o(.text) for KEY_Init
    main.o(.text) refers to printfa.o(i.__0printf) for __2printf
    main.o(.text) refers to hw_config.o(.text) for USB_Port_Set
    main.o(.text) refers to usb_init.o(.text) for USB_Init
    main.o(.text) refers to mpu6050.o(.text) for MPU_Init
    main.o(.text) refers to inv_mpu.o(.text) for mpu_dmp_init
    main.o(.text) refers to gsm.o(.text) for Wait_CREG
    main.o(.text) refers to f2d.o(.text) for __aeabi_f2d
    main.o(.text) refers to cfcmple.o(.text) for __aeabi_cfcmple
    main.o(.text) refers to ffixi.o(.text) for __aeabi_f2iz
    main.o(.text) refers to main.o(.data) for i1
    main.o(.text) refers to main.o(.bss) for UART4_RX_BUF
    system_stm32f10x.o(.text) refers to system_stm32f10x.o(.data) for SystemCoreClock
    led.o(.text) refers to stm32f10x_rcc.o(.text) for RCC_APB2PeriphClockCmd
    led.o(.text) refers to stm32f10x_gpio.o(.text) for GPIO_Init
    key.o(.text) refers to stm32f10x_rcc.o(.text) for RCC_APB2PeriphClockCmd
    key.o(.text) refers to stm32f10x_gpio.o(.text) for GPIO_Init
    key.o(.text) refers to hx711.o(.text) for HX711_Init
    key.o(.text) refers to dfltui.o(.text) for __aeabi_ui2d
    key.o(.text) refers to ddiv.o(.text) for __aeabi_ddiv
    key.o(.text) refers to dadd.o(.text) for __aeabi_dsub
    key.o(.text) refers to d2f.o(.text) for __aeabi_d2f
    key.o(.text) refers to ffixui.o(.text) for __aeabi_f2uiz
    key.o(.text) refers to ffltui.o(.text) for __aeabi_ui2f
    key.o(.text) refers to fadd.o(.text) for __aeabi_frsub
    key.o(.text) refers to cfrcmple.o(.text) for __aeabi_cfrcmple
    key.o(.text) refers to delay.o(.text) for delay_ms
    key.o(.text) refers to cfcmple.o(.text) for __aeabi_cfcmple
    key.o(.text) refers to key.o(.data) for key_up
    mpu6050.o(.text) refers to mpuiic.o(.text) for MPU_IIC_Start
    mpu6050.o(.text) refers to sys.o(.text) for JTAG_Set
    mpu6050.o(.text) refers to delay.o(.text) for delay_ms
    mpu6050.o(.text) refers to dflti.o(.text) for __aeabi_i2d
    mpu6050.o(.text) refers to ddiv.o(.text) for __aeabi_ddiv
    mpu6050.o(.text) refers to dadd.o(.text) for __aeabi_dadd
    mpu6050.o(.text) refers to d2f.o(.text) for __aeabi_d2f
    mpu6050.o(.text) refers to fmul.o(.text) for __aeabi_fmul
    mpu6050.o(.text) refers to ffixi.o(.text) for __aeabi_f2iz
    mpuiic.o(.text) refers to delay.o(.text) for delay_us
    inv_mpu.o(.text) refers to mpu6050.o(.text) for MPU_Write_Len
    inv_mpu.o(.text) refers to printfa.o(i.__0printf) for __2printf
    inv_mpu.o(.text) refers to delay.o(.text) for delay_ms
    inv_mpu.o(.text) refers to inv_mpu.o(.data) for st
    inv_mpu.o(.text) refers to ffltui.o(.text) for __aeabi_ui2f
    inv_mpu.o(.text) refers to fflti.o(.text) for __aeabi_i2f
    inv_mpu.o(.text) refers to fadd.o(.text) for __aeabi_fsub
    inv_mpu.o(.text) refers to fdiv.o(.text) for __aeabi_fdiv
    inv_mpu.o(.text) refers to fmul.o(.text) for __aeabi_fmul
    inv_mpu.o(.text) refers to ffixi.o(.text) for __aeabi_f2iz
    inv_mpu.o(.text) refers to inv_mpu.o(.conststring) for .conststring
    inv_mpu.o(.text) refers to cfcmple.o(.text) for __aeabi_cfcmpeq
    inv_mpu.o(.text) refers to cfrcmple.o(.text) for __aeabi_cfrcmple
    inv_mpu.o(.text) refers to inv_mpu.o(.constdata) for test
    inv_mpu.o(.text) refers to ldiv.o(.text) for __aeabi_ldivmod
    inv_mpu.o(.text) refers to memcmp.o(.text) for memcmp
    inv_mpu.o(.text) refers to inv_mpu_dmp_motion_driver.o(.text) for dmp_set_gyro_bias
    inv_mpu.o(.text) refers to mpuiic.o(.text) for MPU_IIC_Init
    inv_mpu.o(.text) refers to f2d.o(.text) for __aeabi_f2d
    inv_mpu.o(.text) refers to asin.o(i.asin) for asin
    inv_mpu.o(.text) refers to dmul.o(.text) for __aeabi_dmul
    inv_mpu.o(.text) refers to d2f.o(.text) for __aeabi_d2f
    inv_mpu.o(.text) refers to atan2.o(i.atan2) for atan2
    inv_mpu.o(.data) refers to inv_mpu.o(.constdata) for reg
[...]
    .text                                    0x08006814   Section        0  usb_mem.o(.text)
    .text                                    0x08006870   Section        0  usb_regs.o(.text)
    .text                                    0x08007078   Section        0  usb_sil.o(.text)
    .text                                    0x080070f8   Section        0  hw_config.o(.text)
    IntToUnicode                             0x08007317   Thumb Code    62  hw_config.o(.text)
    .text                                    0x08007400   Section        0  usb_endp.o(.text)
    .text                                    0x0800740c   Section        0  usb_istr.o(.text)
    .text                                    0x080075d8   Section        0  usb_prop.o(.text)
    .text                                    0x08007858   Section        0  usb_pwr.o(.text)
    .text                                    0x08007a30   Section        0  ldiv.o(.text)
    .text                                    0x08007a92   Section        0  memseta.o(.text)
    .text                                    0x08007ab6   Section        0  strstr.o(.text)
    .text                                    0x08007ada   Section        0  memcmp.o(.text)
    .text                                    0x08007af4   Section        0  fadd.o(.text)
    .text                                    0x08007ba4   Section        0  fmul.o(.text)
    .text                                    0x08007c08   Section        0  fdiv.o(.text)
    .text                                    0x08007c84   Section        0  dadd.o(.text)
    .text                                    0x08007dd2   Section        0  dmul.o(.text)
    .text                                    0x08007eb6   Section        0  ddiv.o(.text)
    .text                                    0x08007f94   Section        0  fflti.o(.text)
    .text                                    0x08007fa6   Section        0  ffltui.o(.text)
    .text                                    0x08007fb0   Section        0  dflti.o(.text)
    .text                                    0x08007fd2   Section        0  dfltui.o(.text)
    .text                                    0x08007fec   Section        0  ffixi.o(.text)
    .text                                    0x0800801e   Section        0  ffixui.o(.text)
    .text                                    0x08008046   Section        0  f2d.o(.text)
    .text                                    0x0800806c   Section        0  d2f.o(.text)
    .text                                    0x080080a4   Section       20  cfcmple.o(.text)
    .text                                    0x080080b8   Section       20  cfrcmple.o(.text)
    .text                                    0x080080cc   Section        0  uidiv.o(.text)
    .text                                    0x080080f8   Section        0  uldiv.o(.text)
    .text                                    0x0800815a   Section        0  llshl.o(.text)
    .text                                    0x08008178   Section        0  llsshr.o(.text)
    .text                                    0x0800819c   Section        0  fepilogue.o(.text)
    .text                                    0x0800819c   Section        0  iusefp.o(.text)
    .text                                    0x0800820a   Section        0  depilogue.o(.text)
    .text                                    0x080082c4   Section        0  dscalb.o(.text)
    .text                                    0x080082f2   Section        0  dfixul.o(.text)
    .text                                    0x08008324   Section       48  cdrcmple.o(.text)
    .text                                    0x08008354   Section       36  init.o(.text)
    .text                                    0x08008378   Section        0  llushr.o(.text)
    .text                                    0x08008398   Section        0  dsqrt.o(.text)
    .text                                    0x0800843a   Section        0  __dczerorl2.o(.text)
    i.__0printf                              0x08008490   Section        0  printfa.o(i.__0printf)
    i.__ARM_fpclassify                       0x080084b0   Section        0  fpclassify.o(i.__ARM_fpclassify)
    i.__kernel_poly                          0x080084d8   Section        0  poly.o(i.__kernel_poly)
    i.__mathlib_dbl_infnan                   0x08008582   Section        0  dunder.o(i.__mathlib_dbl_infnan)
    i.__mathlib_dbl_infnan2                  0x08008588   Section        0  dunder.o(i.__mathlib_dbl_infnan2)
    i.__mathlib_dbl_invalid                  0x0800858c   Section        0  dunder.o(i.__mathlib_dbl_invalid)
    i.__mathlib_dbl_underflow                0x08008598   Section        0  dunder.o(i.__mathlib_dbl_underflow)
    i.__scatterload_copy                     0x080085a8   Section       14  handlers.o(i.__scatterload_copy)
    i.__scatterload_null                     0x080085b6   Section        2  handlers.o(i.__scatterload_null)
    i.__scatterload_zeroinit                 0x080085b8   Section       14  handlers.o(i.__scatterload_zeroinit)
    i.__set_errno                            0x080085c8   Section        0  errno.o(i.__set_errno)
    i._fp_digits                             0x080085d4   Section        0  printfa.o(i._fp_digits)
    _fp_digits                               0x080085d5   Thumb Code   366  printfa.o(i._fp_digits)
    i._printf_core                           0x08008758   Section        0  printfa.o(i._printf_core)
    _printf_core                             0x08008759   Thumb Code  1744  printfa.o(i._printf_core)
    i._printf_post_padding                   0x08008e34   Section        0  printfa.o(i._printf_post_padding)
    _printf_post_padding                     0x08008e35   Thumb Code    36  printfa.o(i._printf_post_padding)
    i._printf_pre_padding                    0x08008e58   Section        0  printfa.o(i._printf_pre_padding)
    _printf_pre_padding                      0x08008e59   Thumb Code    46  printfa.o(i._printf_pre_padding)
    i.asin                                   0x08008e88   Section        0  asin.o(i.asin)
    i.atan                                   0x080090f8   Section        0  atan.o(i.atan)
    i.atan2                                  0x08009318   Section        0  atan2.o(i.atan2)
    i.sqrt                                   0x08009498   Section        0  sqrt.o(i.sqrt)
    .constdata                               0x080094e4   Section       80  inv_mpu.o(.constdata)
    .constdata                               0x08009534   Section     3062  inv_mpu_dmp_motion_driver.o(.constdata)
    dmp_memory                               0x08009534   Data        3062  inv_mpu_dmp_motion_driver.o(.constdata)
    .constdata                               0x0800a12a   Section      351  usb_desc.o(.constdata)
    .constdata                               0x0800a290   Section       80  asin.o(.constdata)
    pS                                       0x0800a290   Data          48  asin.o(.constdata)
    qS                                       0x0800a2c0   Data          32  asin.o(.constdata)
    .constdata                               0x0800a2e0   Section      152  atan.o(.constdata)
    atanhi                                   0x0800a2e0   Data          32  atan.o(.constdata)
    atanlo                                   0x0800a300   Data          32  atan.o(.constdata)
    aTodd                                    0x0800a320   Data          40  atan.o(.constdata)
    aTeven                                   0x0800a348   Data          48  atan.o(.constdata)
    .constdata                               0x0800a378   Section        8  qnan.o(.constdata)
    .conststring                             0x0800a380   Section       77  inv_mpu.o(.conststring)
    .conststring                             0x0800a3d0   Section       73  gsm.o(.conststring)
    .data                                    0x20000000   Section       16  main.o(.data)
    i1                                       0x2000000e   Data           1  main.o(.data)
    d1                                       0x2000000f   Data           1  main.o(.data)
    .data                                    0x20000010   Section       20  system_stm32f10x.o(.data)
    .data                                    0x20000024   Section        3  key.o(.data)
    key_up                                   0x20000024   Data           1  key.o(.data)
    i1                                       0x20000025   Data           1  key.o(.data)
    d1                                       0x20000026   Data           1  key.o(.data)
    .data                                    0x20000028   Section       53  inv_mpu.o(.data)
    st                                       0x20000028   Data          44  inv_mpu.o(.data)
    gyro_orientation                         0x20000054   Data           9  inv_mpu.o(.data)
    .data                                    0x20000060   Section        8  gsm.o(.data)
    content                                  0x20000060   Data           4  gsm.o(.data)
    .data                                    0x20000068   Section        4  delay.o(.data)
    fac_us                                   0x20000068   Data           1  delay.o(.data)
    fac_ms                                   0x2000006a   Data           2  delay.o(.data)
    .data                                    0x2000006c   Section        8  usart.o(.data)
    .data                                    0x20000074   Section       20  stm32f10x_rcc.o(.data)
    APBAHBPrescTable                         0x20000074   Data          16  stm32f10x_rcc.o(.data)
    ADCPrescTable                            0x20000084   Data           4  stm32f10x_rcc.o(.data)
    .data                                    0x20000088   Section        3  usb_core.o(.data)
    .data                                    0x2000008c   Section       20  usb_init.o(.data)
    .data                                    0x200000a0   Section        4  usb_int.o(.data)
    .data                                    0x200000a4   Section        1  hw_config.o(.data)
    .data                                    0x200000a5   Section       26  usb_desc.o(.data)
    .data                                    0x200000c0   Section       68  usb_istr.o(.data)
    .data                                    0x20000104   Section      172  usb_prop.o(.data)
    .data                                    0x200001b0   Section       12  usb_pwr.o(.data)
    .data                                    0x200001bc   Section        4  errno.o(.data)
    _errno                                   0x200001bc   Data           4  errno.o(.data)
    .bss                                     0x200001c0   Section      200  main.o(.bss)
    .bss                                     0x20000288   Section       16  inv_mpu_dmp_motion_driver.o(.bss)
    dmp                                      0x20000288   Data          16  inv_mpu_dmp_motion_driver.o(.bss)
    .bss                                     0x20000298   Section      200  gsm.o(.bss)
    .bss                                     0x20000360   Section      400  usart.o(.bss)
    .bss                                     0x200004f0   Section       28  usb_init.o(.bss)
    .bss                                     0x2000050c   Section       32  usb_pwr.o(.bss)
    STACK                                    0x20000530   Section     1024  startup_stm32f10x_hd.o(STACK)

    Global Symbols

    Symbol Name                              Value     Ov Type        Size  Object(Section)

    BuildAttributes$$THM_ISAv4$P$D$K$B$S$PE$A:L22UL41UL21$X:L11$S22US41US21$IEEE1$IW$USESV6$~STKCKD$USESV7$~SHL$OTIME$ROPI$IEEEX$EBA8$MICROLIB$REQ8$PRES8$EABIv2 0x00000000   Number         0  anon$$obj.o ABSOLUTE
    __ARM_use_no_argv                        0x00000000   Number         0  main.o ABSOLUTE
    __use_no_errno                           0x00000000   Number         0  useno.o ABSOLUTE
    __use_no_exception_handling              0x00000000   Number         0  useno.o ABSOLUTE
    __use_no_fp                              0x00000000   Number         0  useno.o ABSOLUTE
    __use_no_heap                            0x00000000   Number         0  useno.o ABSOLUTE
    __use_no_heap_region                     0x00000000   Number         0  useno.o ABSOLUTE
    __use_no_semihosting                     0x00000000   Number         0  useno.o ABSOLUTE
    __use_no_semihosting_swi                 0x00000000   Number         0  useno.o ABSOLUTE
    __use_no_signal_handling                 0x00000000   Number         0  useno.o ABSOLUTE
    _printf_a                                0x00000000   Number         0  stubs.o ABSOLUTE
    _printf_c                                0x00000000   Number         0  stubs.o ABSOLUTE
    _printf_charcount                        0x00000000   Number         0  stubs.o ABSOLUTE
    _printf_d                                0x00000000   Number         0  stubs.o ABSOLUTE
    _printf_e                                0x00000000   Number         0  stubs.o ABSOLUTE
    _printf_f                                0x00000000   Number         0  stubs.o ABSOLUTE
    _printf_flags                            0x00000000   Number         0  stubs.o ABSOLUTE
    _printf_fp_dec                           0x00000000   Number         0  stubs.o ABSOLUTE
    _printf_fp_hex                           0x00000000   Number         0  stubs.o ABSOLUTE
    _printf_g                                0x00000000   Number         0  stubs.o ABSOLUTE
    _printf_i                                0x00000000   Number         0  stubs.o ABSOLUTE
    _printf_int_dec                          0x00000000   Number         0  stubs.o ABSOLUTE
    _printf_l                                0x00000000   Number         0  stubs.o ABSOLUTE
    _printf_lc                               0x00000000   Number         0  stubs.o ABSOLUTE
    _printf_ll                               0x00000000   Number         0  stubs.o ABSOLUTE
    _printf_lld                              0x00000000   Number         0  stubs.o ABSOLUTE
    _printf_lli                              0x00000000   Number         0  stubs.o ABSOLUTE
    _printf_llo                              0x00000000   Number         0  stubs.o ABSOLUTE
    _printf_llu                              0x00000000   Number         0  stubs.o ABSOLUTE
    _printf_llx                              0x00000000   Number         0  stubs.o ABSOLUTE
    _printf_longlong_dec                     0x00000000   Number         0  stubs.o ABSOLUTE
    _printf_longlong_hex                     0x00000000   Number         0  stubs.o ABSOLUTE
    _printf_longlong_oct                     0x00000000   Number         0  stubs.o ABSOLUTE
    _printf_ls                               0x00000000   Number         0  stubs.o ABSOLUTE
    _printf_mbtowc                           0x00000000   Number         0  stubs.o ABSOLUTE
    _printf_n                                0x00000000   Number         0  stubs.o ABSOLUTE
    _printf_o                                0x00000000   Number         0  stubs.o ABSOLUTE
    _printf_p                                0x00000000   Number         0  stubs.o ABSOLUTE
    _printf_percent                          0x00000000   Number         0  stubs.o ABSOLUTE
    _printf_pre_padding                      0x00000000   Number         0  stubs.o ABSOLUTE
    _printf_return_value                     0x00000000   Number         0  stubs.o ABSOLUTE
    _printf_s                                0x00000000   Number         0  stubs.o ABSOLUTE
    _printf_sizespec                         0x00000000   Number         0  stubs.o ABSOLUTE
    _printf_str                              0x00000000   Number         0  stubs.o ABSOLUTE
    _printf_truncate_signed                  0x00000000   Number         0  stubs.o ABSOLUTE
    _printf_truncate_unsigned                0x00000000   Number         0  stubs.o ABSOLUTE
    _printf_u                                0x00000000   Number         0  stubs.o ABSOLUTE
    _printf_wc                               0x00000000   Number         0  stubs.o ABSOLUTE
    _printf_wctomb                           0x00000000   Number         0  stubs.o ABSOLUTE
    _printf_widthprec                        0x00000000   Number         0  stubs.o ABSOLUTE
    _printf_x                                0x00000000   Number         0  stubs.o ABSOLUTE
    __cpp_initialize__aeabi_                  - Undefined Weak Reference
    __cxa_finalize                            - Undefined Weak Reference
    _clock_init                               - Undefined Weak Reference
    _microlib_exit                            - Undefined Weak Reference
    __Vectors_Size                           0x00000130   Number         0  startup_stm32f10x_hd.o ABSOLUTE
    __Vectors                                0x08000000   Data           4  startup_stm32f10x_hd.o(RESET)
    __Vectors_End                            0x08000130   Data           0  startup_stm32f10x_hd.o(RESET)
    __main                                   0x08000131   Thumb Code     0  entry.o(.ARM.Collect$$$$00000000)
    _main_stk                                0x08000131   Thumb Code     0  entry2.o(.ARM.Collect$$$$00000001)
    _main_scatterload                        0x08000135   Thumb Code     0  entry5.o(.ARM.Collect$$$$00000004)
    __main_after_scatterload                 0x08000139   Thumb Code     0  entry5.o(.ARM.Collect$$$$00000004)
    _main_clock                              0x08000139   Thumb Code     0  entry7b.o(.ARM.Collect$$$$00000008)
    _main_cpp_init                           0x08000139   Thumb Code     0  entry8b.o(.ARM.Collect$$$$0000000A)
    _main_init                               0x08000139   Thumb Code     0  entry9a.o(.ARM.Collect$$$$0000000B)
    __rt_final_cpp                           0x08000141   Thumb Code     0  entry10a.o(.ARM.Collect$$$$0000000D)
    __rt_final_exit                          0x08000141   Thumb Code     0  entry11a.o(.ARM.Collect$$$$0000000F)
    KEY                                      0x08000145   Thumb Code   106  main.o(.text)
    main                                     0x080001af   Thumb Code   720  main.o(.text)
    UART4_IRQHandler                         0x0800047f   Thumb Code  1026  main.o(.text)
    NMI_Handler                              0x080008b9   Thumb Code     2  stm32f10x_it.o(.text)
    HardFault_Handler                        0x080008bb   Thumb Code     4  stm32f10x_it.o(.text)
    MemManage_Handler                        0x080008bf   Thumb Code     4  stm32f10x_it.o(.text)
    BusFault_Handler                         0x080008c3   Thumb Code     4  stm32f10x_it.o(.text)
    UsageFault_Handler                       0x080008c7   Thumb Code     4  stm32f10x_it.o(.text)
    SVC_Handler                              0x080008cb   Thumb Code     2  stm32f10x_it.o(.text)
    DebugMon_Handler                         0x080008cd   Thumb Code     2  stm32f10x_it.o(.text)
    PendSV_Handler                           0x080008cf   Thumb Code     2  stm32f10x_it.o(.text)
    SysTick_Handler                          0x080008d1   Thumb Code     2  stm32f10x_it.o(.text)
    SystemInit                               0x080009b3   Thumb Code    78  system_stm32f10x.o(.text)
    SystemCoreClockUpdate                    0x08000a01   Thumb Code   142  system_stm32f10x.o(.text)
    led_init                                 0x08000ab5   Thumb Code    88  led.o(.text)
    KEY_Init                                 0x08000b15   Thumb Code    56  key.o(.text)
    KEY_Scan                                 0x08000b4d   Thumb Code   302  key.o(.text)
    MPU_Write_Byte                           0x08000c9d   Thumb Code    68  mpu6050.o(.text)
    MPU_Set_LPF                              0x08000ce1   Thumb Code    58  mpu6050.o(.text)
    MPU_Set_Rate                             0x08000d1b   Thumb Code    58  mpu6050.o(.text)
    MPU_Read_Byte                            0x08000d55   Thumb Code    58  mpu6050.o(.text)
    MPU_Set_Accel_Fsr                        0x08000d8f   Thumb Code    16  mpu6050.o(.text)
    MPU_Set_Gyro_Fsr                         0x08000d9f   Thumb Code    16  mpu6050.o(.text)
    MPU_Init                                 0x08000daf   Thumb Code   168  mpu6050.o(.text)
    MPU_Read_Len                             0x08000e57   Thumb Code   116  mpu6050.o(.text)
    MPU_Get_Temperature                      0x08000ecb   Thumb Code    86  mpu6050.o(.text)
    MPU_Get_Gyroscope                        0x08000f21   Thumb Code    80  mpu6050.o(.text)
    MPU_Get_Accelerometer                    0x08000f71   Thumb Code    80  mpu6050.o(.text)
    MPU_Write_Len                            0x08000fc1   Thumb Code    96  mpu6050.o(.text)
    MPU_IIC_Delay                            0x0800103d   Thumb Code    10  mpuiic.o(.text)
    MPU_IIC_Init                             0x08001047   Thumb Code    52  mpuiic.o(.text)
    MPU_IIC_Start                            0x0800107b   Thumb Code    60  mpuiic.o(.text)
    MPU_IIC_Stop                             0x080010b7   Thumb Code    62  mpuiic.o(.text)
    MPU_IIC_Wait_Ack                         0x080010f5   Thumb Code    86  mpuiic.o(.text)
    MPU_IIC_Ack                              0x0800114b   Thumb Code    66  mpuiic.o(.text)
    MPU_IIC_NAck                             0x0800118d   Thumb Code    66  mpuiic.o(.text)
    MPU_IIC_Send_Byte                        0x080011cf   Thumb Code    82  mpuiic.o(.text)
    MPU_IIC_Read_Byte                        0x08001221   Thumb Code    96  mpuiic.o(.text)
    mpu_reg_dump                             0x0800131b   Thumb Code    84  inv_mpu.o(.text)
    mpu_read_reg                             0x0800136f   Thumb Code    66  inv_mpu.o(.text)
    mpu_set_int_latched                      0x080013b1   Thumb Code   102  inv_mpu.o(.text)
    mpu_set_sensors                          0x08001417   Thumb Code   202  inv_mpu.o(.text)
    mpu_set_bypass                           0x080014e1   Thumb Code   328  inv_mpu.o(.text)
    mpu_reset_fifo                           0x08001629   Thumb Code   472  inv_mpu.o(.text)
    mpu_configure_fifo                       0x08001801   Thumb Code   106  inv_mpu.o(.text)
    mpu_set_lpf                              0x0800186b   Thumb Code   126  inv_mpu.o(.text)
    mpu_lp_accel_mode                        0x080018e9   Thumb Code   218  inv_mpu.o(.text)
    mpu_set_sample_rate                      0x080019c3   Thumb Code   152  inv_mpu.o(.text)
    mpu_set_accel_fsr                        0x08001a5b   Thumb Code   132  inv_mpu.o(.text)
    mpu_set_gyro_fsr                         0x08001adf   Thumb Code   132  inv_mpu.o(.text)
    mpu_init                                 0x08001b63   Thumb Code   416  inv_mpu.o(.text)
    mget_ms                                  0x08001d03   Thumb Code     2  inv_mpu.o(.text)
    mpu_get_gyro_reg                         0x08001d05   Thumb Code   110  inv_mpu.o(.text)
    mpu_get_accel_reg                        0x08001d73   Thumb Code   110  inv_mpu.o(.text)
    mpu_get_temperature                      0x08001de1   Thumb Code   150  inv_mpu.o(.text)
    mpu_set_accel_bias                       0x08001e77   Thumb Code   468  inv_mpu.o(.text)
    mpu_get_gyro_fsr                         0x0800204b   Thumb Code    64  inv_mpu.o(.text)
    mpu_get_accel_fsr                        0x0800208b   Thumb Code    72  inv_mpu.o(.text)
    mpu_get_lpf                              0x080020d3   Thumb Code    74  inv_mpu.o(.text)
    mpu_get_sample_rate                      0x0800211d   Thumb Code    26  inv_mpu.o(.text)
    mpu_get_compass_sample_rate              0x08002137   Thumb Code    10  inv_mpu.o(.text)
    mpu_set_compass_sample_rate              0x08002141   Thumb Code     8  inv_mpu.o(.text)
    mpu_get_gyro_sens                        0x08002149   Thumb Code    58  inv_mpu.o(.text)
    mpu_get_accel_sens                       0x08002183   Thumb Code    78  inv_mpu.o(.text)
    mpu_get_fifo_config                      0x080021d1   Thumb Code    12  inv_mpu.o(.text)
    mpu_get_power_state                      0x080021dd   Thumb Code    22  inv_mpu.o(.text)
    mpu_get_int_status                       0x080021f3   Thumb Code    64  inv_mpu.o(.text)
    mpu_read_fifo                            0x08002233   Thumb Code   520  inv_mpu.o(.text)
    mpu_read_fifo_stream                     0x0800243b   Thumb Code   186  inv_mpu.o(.text)
    mpu_set_int_level                        0x080024f5   Thumb Code    12  inv_mpu.o(.text)
    mpu_set_dmp_state                        0x08002bd5   Thumb Code   138  inv_mpu.o(.text)
    mpu_run_self_test                        0x08002c5f   Thumb Code   278  inv_mpu.o(.text)
    mpu_write_mem                            0x08002d75   Thumb Code   122  inv_mpu.o(.text)
    mpu_read_mem                             0x08002def   Thumb Code   122  inv_mpu.o(.text)
    mpu_load_firmware                        0x08002e69   Thumb Code   190  inv_mpu.o(.text)
    mpu_get_dmp_state                        0x08002f27   Thumb Code    14  inv_mpu.o(.text)
    setup_compass                            0x08002f35   Thumb Code     6  inv_mpu.o(.text)
    mpu_get_compass_reg                      0x08002f3b   Thumb Code     8  inv_mpu.o(.text)
    mpu_get_compass_fsr                      0x08002f43   Thumb Code     8  inv_mpu.o(.text)
    mpu_lp_motion_interrupt                  0x08002f4b   Thumb Code   512  inv_mpu.o(.text)
    run_self_test                            0x0800314b   Thumb Code   148  inv_mpu.o(.text)
    inv_row_2_scale                          0x080031df   Thumb Code    78  inv_mpu.o(.text)
    inv_orientation_matrix_to_scalar         0x0800322d   Thumb Code    40  inv_mpu.o(.text)
    mpu_dmp_init                             0x08003255   Thumb Code   154  inv_mpu.o(.text)
    mpu_dmp_get_data                         0x080032ef   Thumb Code   554  inv_mpu.o(.text)
    dmp_load_motion_driver_firmware          0x0800351d   Thumb Code    20  inv_mpu_dmp_motion_driver.o(.text)
    dmp_set_orientation                      0x08003531   Thumb Code   290  inv_mpu_dmp_motion_driver.o(.text)
    dmp_set_gyro_bias                        0x08003653   Thumb Code   294  inv_mpu_dmp_motion_driver.o(.text)
    dmp_set_accel_bias                       0x08003779   Thumb Code   300  inv_mpu_dmp_motion_driver.o(.text)
    dmp_set_fifo_rate                        0x080038a5   Thumb Code   136  inv_mpu_dmp_motion_driver.o(.text)
    dmp_get_fifo_rate                        0x0800392d   Thumb Code    12  inv_mpu_dmp_motion_driver.o(.text)
    dmp_set_tap_thresh                       0x08003939   Thumb Code   396  inv_mpu_dmp_motion_driver.o(.text)
    dmp_set_tap_axes                         0x08003ac5   Thumb Code    70  inv_mpu_dmp_motion_driver.o(.text)
    dmp_set_tap_count                        0x08003b0b   Thumb Code    38  inv_mpu_dmp_motion_driver.o(.text)
    dmp_set_tap_time                         0x08003b31   Thumb Code    38  inv_mpu_dmp_motion_driver.o(.text)
    dmp_set_tap_time_multi                   0x08003b57   Thumb Code    38  inv_mpu_dmp_motion_driver.o(.text)
    dmp_set_shake_reject_thresh              0x08003b7d   Thumb Code    56  inv_mpu_dmp_motion_driver.o(.text)
    dmp_set_shake_reject_time                0x08003bb5   Thumb Code    38  inv_mpu_dmp_motion_driver.o(.text)
    dmp_set_shake_reject_timeout             0x08003bdb   Thumb Code    38  inv_mpu_dmp_motion_driver.o(.text)
    dmp_get_pedometer_step_count             0x08003c01   Thumb Code    66  inv_mpu_dmp_motion_driver.o(.text)
    dmp_set_pedometer_step_count             0x08003c43   Thumb Code    42  inv_mpu_dmp_motion_driver.o(.text)
    dmp_get_pedometer_walk_time              0x08003c6d   Thumb Code    72  inv_mpu_dmp_motion_driver.o(.text)
    dmp_set_pedometer_walk_time              0x08003cb5   Thumb Code    48  inv_mpu_dmp_motion_driver.o(.text)
    dmp_enable_6x_lp_quat                    0x08003ce5   Thumb Code    84  inv_mpu_dmp_motion_driver.o(.text)
    dmp_enable_lp_quat                       0x08003d39   Thumb Code    60  inv_mpu_dmp_motion_driver.o(.text)
    dmp_enable_gyro_cal                      0x08003d75   Thumb Code    62  inv_mpu_dmp_motion_driver.o(.text)
    dmp_enable_feature                       0x08003db3   Thumb Code   530  inv_mpu_dmp_motion_driver.o(.text)
    dmp_get_enabled_features                 0x08003fc5   Thumb Code    12  inv_mpu_dmp_motion_driver.o(.text)
    dmp_set_interrupt_mode                   0x0800402f   Thumb Code    66  inv_mpu_dmp_motion_driver.o(.text)
    dmp_read_fifo                            0x08004071   Thumb Code   514  inv_mpu_dmp_motion_driver.o(.text)
    dmp_register_tap_cb                      0x08004273   Thumb Code    10  inv_mpu_dmp_motion_driver.o(.text)
    dmp_register_android_orient_cb           0x0800427d   Thumb Code    10  inv_mpu_dmp_motion_driver.o(.text)
    HX711_Init                               0x0800428d   Thumb Code    68  hx711.o(.text)
    Read_HX711                               0x080042d1   Thumb Code   156  hx711.o(.text)
    USART2_IRQHandler                        0x0800438d   Thumb Code    44  gsm.o(.text)
    CLR_Buf2                                 0x080043b9   Thumb Code    26  gsm.o(.text)
    Find                                     0x080043d3   Thumb Code    22  gsm.o(.text)
    Second_AT_Command                        0x080043e9   Thumb Code   112  gsm.o(.text)
    Set_Pdu_Mode                             0x08004459   Thumb Code    34  gsm.o(.text)
    Send_Pdu_Sms                             0x0800447b   Thumb Code    36  gsm.o(.text)
    Wait_CREG                                0x0800449f   Thumb Code    98  gsm.o(.text)
    delay_init                               0x0800456d   Thumb Code    56  delay.o(.text)
    delay_us                                 0x080045a5   Thumb Code    56  delay.o(.text)
    delay_ms                                 0x080045dd   Thumb Code    56  delay.o(.text)
    MY_NVIC_SetVectorTable                   0x0800461d   Thumb Code    12  sys.o(.text)
    MY_NVIC_PriorityGroupConfig              0x08004629   Thumb Code    36  sys.o(.text)
    MY_NVIC_Init                             0x0800464d   Thumb Code   116  sys.o(.text)
    Ex_NVIC_Config                           0x080046c1   Thumb Code   146  sys.o(.text)
    MYRCC_DeInit                             0x08004753   Thumb Code    90  sys.o(.text)
    WFI_SET                                  0x080047ad   Thumb Code     4  sys.o(.text)
    INTX_DISABLE                             0x080047b1   Thumb Code     4  sys.o(.text)
    INTX_ENABLE                              0x080047b5   Thumb Code     4  sys.o(.text)
    Sys_Standby                              0x080047b9   Thumb Code    68  sys.o(.text)
    Sys_Soft_Reset                           0x080047fd   Thumb Code    12  sys.o(.text)
    JTAG_Set                                 0x08004809   Thumb Code    42  sys.o(.text)
    Stm32_Clock_Init                         0x08004833   Thumb Code   134  sys.o(.text)
    _sys_exit                                0x080048e5   Thumb Code     6  usart.o(.text)
    fputc                                    0x080048eb   Thumb Code    24  usart.o(.text)
    USART1_IRQHandler                        0x08004903   Thumb Code   118  usart.o(.text)
    uart_init                                0x08004979   Thumb Code   204  usart.o(.text)
    uart2_init                               0x08004a45   Thumb Code   174  usart.o(.text)
    uart4_init                               0x08004af3   Thumb Code   166  usart.o(.text)
    UART2_SendString                         0x08004b99   Thumb Code    52  usart.o(.text)
    USART4_Send_Byte                         0x08004bcd   Thumb Code    28  usart.o(.text)
    USART4_Send_String                       0x08004be9   Thumb Code    22  usart.o(.text)
    Reset_Handler                            0x08004c29   Thumb Code     8  startup_stm32f10x_hd.o(.text)
    ADC1_2_IRQHandler                        0x08004c43   Thumb Code     0  startup_stm32f10x_hd.o(.text)
    ADC3_IRQHandler                          0x08004c43   Thumb Code     0  startup_stm32f10x_hd.o(.text)
    CAN1_RX1_IRQHandler                      0x08004c43   Thumb Code     0  startup_stm32f10x_hd.o(.text)
    CAN1_SCE_IRQHandler                      0x08004c43   Thumb Code     0  startup_stm32f10x_hd.o(.text)
    DMA1_Channel1_IRQHandler                 0x08004c43   Thumb Code     0  startup_stm32f10x_hd.o(.text)
    DMA1_Channel2_IRQHandler                 0x08004c43   Thumb Code     0  startup_stm32f10x_hd.o(.text)
    DMA1_Channel3_IRQHandler                 0x08004c43   Thumb Code     0  startup_stm32f10x_hd.o(.text)
    DMA1_Channel4_IRQHandler                 0x08004c43   Thumb Code     0  startup_stm32f10x_hd.o(.text)
    DMA1_Channel5_IRQHandler                 0x08004c43   Thumb Code     0  startup_stm32f10x_hd.o(.text)
    DMA1_Channel6_IRQHandler                 0x08004c43   Thumb Code     0  startup_stm32f10x_hd.o(.text)
    DMA1_Channel7_IRQHandler                 0x08004c43   Thumb Code     0  startup_stm32f10x_hd.o(.text)
    DMA2_Channel1_IRQHandler                 0x08004c43   Thumb Code     0  startup_stm32f10x_hd.o(.text)
    DMA2_Channel2_IRQHandler                 0x08004c43   Thumb Code     0  startup_stm32f10x_hd.o(.text)
    DMA2_Channel3_IRQHandler                 0x08004c43   Thumb Code     0  startup_stm32f10x_hd.o(.text)
    DMA2_Channel4_5_IRQHandler               0x08004c43   Thumb Code     0  startup_stm32f10x_hd.o(.text)
    EXTI0_IRQHandler                         0x08004c43   Thumb Code     0  startup_stm32f10x_hd.o(.text)
    EXTI15_10_IRQHandler                     0x08004c43   Thumb Code     0  startup_stm32f10x_hd.o(.text)
    EXTI1_IRQHandler                         0x08004c43   Thumb Code     0  startup_stm32f10x_hd.o(.text)
    EXTI2_IRQHandler                         0x08004c43   Thumb Code     0  startup_stm32f10x_hd.o(.text)
    EXTI3_IRQHandler                         0x08004c43   Thumb Code     0  startup_stm32f10x_hd.o(.text)
    EXTI4_IRQHandler                         0x08004c43   Thumb Code     0  startup_stm32f10x_hd.o(.text)
    EXTI9_5_IRQHandler                       0x08004c43   Thumb Code     0  startup_stm32f10x_hd.o(.text)
    FLASH_IRQHandler                         0x08004c43   Thumb Code     0  startup_stm32f10x_hd.o(.text)
    FSMC_IRQHandler                          0x08004c43   Thumb Code     0  startup_stm32f10x_hd.o(.text)
    I2C1_ER_IRQHandler                       0x08004c43   Thumb Code     0  startup_stm32f10x_hd.o(.text)
    I2C1_EV_IRQHandler                       0x08004c43   Thumb Code     0  startup_stm32f10x_hd.o(.text)
    I2C2_ER_IRQHandler                       0x08004c43   Thumb Code     0  startup_stm32f10x_hd.o(.text)
    I2C2_EV_IRQHandler                       0x08004c43   Thumb Code     0  startup_stm32f10x_hd.o(.text)
    PVD_IRQHandler                           0x08004c43   Thumb Code     0  startup_stm32f10x_hd.o(.text)
    RCC_IRQHandler                           0x08004c43   Thumb Code     0  startup_stm32f10x_hd.o(.text)
    RTCAlarm_IRQHandler                      0x08004c43   Thumb Code     0  startup_stm32f10x_hd.o(.text)
    RTC_IRQHandler                           0x08004c43   Thumb Code     0  startup_stm32f10x_hd.o(.text)
    SDIO_IRQHandler                          0x08004c43   Thumb Code     0  startup_stm32f10x_hd.o(.text)
    SPI1_IRQHandler                          0x08004c43   Thumb Code     0  startup_stm32f10x_hd.o(.text)
    SPI2_IRQHandler                          0x08004c43   Thumb Code     0  startup_stm32f10x_hd.o(.text)
    SPI3_IRQHandler                          0x08004c43   Thumb Code     0  startup_stm32f10x_hd.o(.text)
    TAMPER_IRQHandler                        0x08004c43   Thumb Code     0  startup_stm32f10x_hd.o(.text)
    TIM1_BRK_IRQHandler                      0x08004c43   Thumb Code     0  startup_stm32f10x_hd.o(.text)
    TIM1_CC_IRQHandler                       0x08004c43   Thumb Code     0  startup_stm32f10x_hd.o(.text)
    TIM1_TRG_COM_IRQHandler                  0x08004c43   Thumb Code     0  startup_stm32f10x_hd.o(.text)
    TIM1_UP_IRQHandler                       0x08004c43   Thumb Code     0  startup_stm32f10x_hd.o(.text)
    TIM2_IRQHandler                          0x08004c43   Thumb Code     0  startup_stm32f10x_hd.o(.text)
    TIM3_IRQHandler                          0x08004c43   Thumb Code     0  startup_stm32f10x_hd.o(.text)
    TIM4_IRQHandler                          0x08004c43   Thumb Code     0  startup_stm32f10x_hd.o(.text)
    TIM5_IRQHandler                          0x08004c43   Thumb Code     0  startup_stm32f10x_hd.o(.text)
    TIM6_IRQHandler                          0x08004c43   Thumb Code     0  startup_stm32f10x_hd.o(.text)
    TIM7_IRQHandler                          0x08004c43   Thumb Code     0  startup_stm32f10x_hd.o(.text)
    TIM8_BRK_IRQHandler                      0x08004c43   Thumb Code     0  startup_stm32f10x_hd.o(.text)
    TIM8_CC_IRQHandler                       0x08004c43   Thumb Code     0  startup_stm32f10x_hd.o(.text)
    TIM8_TRG_COM_IRQHandler                  0x08004c43   Thumb Code     0  startup_stm32f10x_hd.o(.text)
    TIM8_UP_IRQHandler                       0x08004c43   Thumb Code     0  startup_stm32f10x_hd.o(.text)
    UART5_IRQHandler                         0x08004c43   Thumb Code     0  startup_stm32f10x_hd.o(.text)
    USART3_IRQHandler                        0x08004c43   Thumb Code     0  startup_stm32f10x_hd.o(.text)
    USB_HP_CAN1_TX_IRQHandler                0x08004c43   Thumb Code     0  startup_stm32f10x_hd.o(.text)
    WWDG_IRQHandler                          0x08004c43   Thumb Code     0  startup_stm32f10x_hd.o(.text)
    GPIO_DeInit                              0x08004c4d   Thumb Code   172  stm32f10x_gpio.o(.text)
    GPIO_AFIODeInit                          0x08004cf9   Thumb Code    20  stm32f10x_gpio.o(.text)
    GPIO_Init                                0x08004d0d   Thumb Code   278  stm32f10x_gpio.o(.text)
    GPIO_StructInit                          0x08004e23   Thumb Code    16  stm32f10x_gpio.o(.text)
    GPIO_ReadInputDataBit                    0x08004e33   Thumb Code    18  stm32f10x_gpio.o(.text)
    GPIO_ReadInputData                       0x08004e45   Thumb Code     8  stm32f10x_gpio.o(.text)
    GPIO_ReadOutputDataBit                   0x08004e4d   Thumb Code    18  stm32f10x_gpio.o(.text)
    GPIO_ReadOutputData                      0x08004e5f   Thumb Code     8  stm32f10x_gpio.o(.text)
    GPIO_SetBits                             0x08004e67   Thumb Code     4  stm32f10x_gpio.o(.text)
    GPIO_ResetBits                           0x08004e6b   Thumb Code     4  stm32f10x_gpio.o(.text)
    GPIO_WriteBit                            0x08004e6f   Thumb Code    10  stm32f10x_gpio.o(.text)
    GPIO_Write                               0x08004e79   Thumb Code     4  stm32f10x_gpio.o(.text)
    GPIO_PinLockConfig                       0x08004e7d   Thumb Code    18  stm32f10x_gpio.o(.text)
    GPIO_EventOutputConfig                   0x08004e8f   Thumb Code    26  stm32f10x_gpio.o(.text)
    GPIO_EventOutputCmd                      0x08004ea9   Thumb Code     6  stm32f10x_gpio.o(.text)
    GPIO_PinRemapConfig                      0x08004eaf   Thumb Code   138  stm32f10x_gpio.o(.text)
    GPIO_EXTILineConfig                      0x08004f39   Thumb Code    66  stm32f10x_gpio.o(.text)
    GPIO_ETH_MediaInterfaceConfig            0x08004f7b   Thumb Code     8  stm32f10x_gpio.o(.text)
    RCC_DeInit                               0x08004fa9   Thumb Code    64  stm32f10x_rcc.o(.text)
    RCC_HSEConfig                            0x08004fe9   Thumb Code    70  stm32f10x_rcc.o(.text)
    RCC_GetFlagStatus                        0x0800502f   Thumb Code    56  stm32f10x_rcc.o(.text)
    RCC_WaitForHSEStartUp                    0x08005067   Thumb Code    56  stm32f10x_rcc.o(.text)
    RCC_AdjustHSICalibrationValue            0x0800509f   Thumb Code    20  stm32f10x_rcc.o(.text)
    RCC_HSICmd                               0x080050b3   Thumb Code     6  stm32f10x_rcc.o(.text)
    RCC_PLLConfig                            0x080050b9   Thumb Code    24  stm32f10x_rcc.o(.text)
    RCC_PLLCmd                               0x080050d1   Thumb Code     6  stm32f10x_rcc.o(.text)
    RCC_SYSCLKConfig                         0x080050d7   Thumb Code    18  stm32f10x_rcc.o(.text)
    RCC_GetSYSCLKSource                      0x080050e9   Thumb Code    10  stm32f10x_rcc.o(.text)
    RCC_HCLKConfig                           0x080050f3   Thumb Code    18  stm32f10x_rcc.o(.text)
    RCC_PCLK1Config                          0x08005105   Thumb Code    18  stm32f10x_rcc.o(.text)
    RCC_PCLK2Config                          0x08005117   Thumb Code    20  stm32f10x_rcc.o(.text)
    RCC_ITConfig                             0x0800512b   Thumb Code    26  stm32f10x_rcc.o(.text)
    RCC_USBCLKConfig                         0x08005145   Thumb Code     8  stm32f10x_rcc.o(.text)
    RCC_ADCCLKConfig                         0x0800514d   Thumb Code    18  stm32f10x_rcc.o(.text)
    RCC_LSEConfig                            0x0800515f   Thumb Code    50  stm32f10x_rcc.o(.text)
    RCC_LSICmd                               0x08005191   Thumb Code     6  stm32f10x_rcc.o(.text)
    RCC_RTCCLKConfig                         0x08005197   Thumb Code    12  stm32f10x_rcc.o(.text)
    RCC_RTCCLKCmd                            0x080051a3   Thumb Code     8  stm32f10x_rcc.o(.text)
    RCC_GetClocksFreq                        0x080051ab   Thumb Code   192  stm32f10x_rcc.o(.text)
    RCC_AHBPeriphClockCmd                    0x0800526b   Thumb Code    26  stm32f10x_rcc.o(.text)
    RCC_APB2PeriphClockCmd                   0x08005285   Thumb Code    26  stm32f10x_rcc.o(.text)
    RCC_APB1PeriphClockCmd                   0x0800529f   Thumb Code    26  stm32f10x_rcc.o(.text)
    RCC_APB2PeriphResetCmd                   0x080052b9   Thumb Code    26  stm32f10x_rcc.o(.text)
    RCC_APB1PeriphResetCmd                   0x080052d3   Thumb Code    26  stm32f10x_rcc.o(.text)
    RCC_BackupResetCmd                       0x080052ed   Thumb Code     8  stm32f10x_rcc.o(.text)
    RCC_ClockSecuritySystemCmd               0x080052f5   Thumb Code     6  stm32f10x_rcc.o(.text)
    RCC_MCOConfig                            0x080052fb   Thumb Code     6  stm32f10x_rcc.o(.text)
    RCC_ClearFlag                            0x08005301   Thumb Code    14  stm32f10x_rcc.o(.text)
    RCC_GetITStatus                          0x0800530f   Thumb Code    20  stm32f10x_rcc.o(.text)
    RCC_ClearITPendingBit                    0x08005323   Thumb Code     6  stm32f10x_rcc.o(.text)
    USART_DeInit                             0x0800534d   Thumb Code   134  stm32f10x_usart.o(.text)
    USART_Init                               0x080053d3   Thumb Code   210  stm32f10x_usart.o(.text)
    USART_StructInit                         0x080054a5   Thumb Code    24  stm32f10x_usart.o(.text)
    USART_ClockInit                          0x080054bd   Thumb Code    34  stm32f10x_usart.o(.text)
    USART_ClockStructInit                    0x080054df   Thumb Code    12  stm32f10x_usart.o(.text)
    USART_Cmd                                0x080054eb   Thumb Code    24  stm32f10x_usart.o(.text)
    USART_ITConfig                           0x08005503   Thumb Code    74  stm32f10x_usart.o(.text)
    USART_DMACmd                             0x0800554d   Thumb Code    18  stm32f10x_usart.o(.text)
    USART_SetAddress                         0x0800555f   Thumb Code    18  stm32f10x_usart.o(.text)
    USART_WakeUpConfig                       0x08005571   Thumb Code    18  stm32f10x_usart.o(.text)
    USART_ReceiverWakeUpCmd                  0x08005583   Thumb Code    24  stm32f10x_usart.o(.text)
    USART_LINBreakDetectLengthConfig         0x0800559b   Thumb Code    18  stm32f10x_usart.o(.text)
    USART_LINCmd                             0x080055ad   Thumb Code    24  stm32f10x_usart.o(.text)
    USART_SendData                           0x080055c5   Thumb Code     8  stm32f10x_usart.o(.text)
    USART_ReceiveData                        0x080055cd   Thumb Code    10  stm32f10x_usart.o(.text)
    USART_SendBreak                          0x080055d7   Thumb Code    10  stm32f10x_usart.o(.text)
    USART_SetGuardTime                       0x080055e1   Thumb Code    16  stm32f10x_usart.o(.text)
    USART_SetPrescaler                       0x080055f1   Thumb Code    16  stm32f10x_usart.o(.text)
    USART_SmartCardCmd                       0x08005601   Thumb Code    24  stm32f10x_usart.o(.text)
    USART_SmartCardNACKCmd                   0x08005619   Thumb Code    24  stm32f10x_usart.o(.text)
    USART_HalfDuplexCmd                      0x08005631   Thumb Code    24  stm32f10x_usart.o(.text)
    USART_OverSampling8Cmd                   0x08005649   Thumb Code    22  stm32f10x_usart.o(.text)
    USART_OneBitMethodCmd                    0x0800565f   Thumb Code    24  stm32f10x_usart.o(.text)
    USART_IrDAConfig                         0x08005677   Thumb Code    18  stm32f10x_usart.o(.text)
    USART_IrDACmd                            0x08005689   Thumb Code    24  stm32f10x_usart.o(.text)
    USART_GetFlagStatus                      0x080056a1   Thumb Code    26  stm32f10x_usart.o(.text)
    USART_ClearFlag                          0x080056bb   Thumb Code    18  stm32f10x_usart.o(.text)
    USART_GetITStatus                        0x080056cd   Thumb Code    84  stm32f10x_usart.o(.text)
    USART_ClearITPendingBit                  0x08005721   Thumb Code    52  stm32f10x_usart.o(.text)
    NVIC_PriorityGroupConfig                 0x08005755   Thumb Code    10  misc.o(.text)
    NVIC_Init                                0x0800575f   Thumb Code   100  misc.o(.text)
    NVIC_SetVectorTable                      0x080057c3   Thumb Code    14  misc.o(.text)
    NVIC_SystemLPConfig                      0x080057d1   Thumb Code    34  misc.o(.text)
    SysTick_CLKSourceConfig                  0x080057f3   Thumb Code    40  misc.o(.text)
    EXTI_DeInit                              0x08005831   Thumb Code    28  stm32f10x_exti.o(.text)
    EXTI_Init                                0x0800584d   Thumb Code   142  stm32f10x_exti.o(.text)
    EXTI_StructInit                          0x080058db   Thumb Code    16  stm32f10x_exti.o(.text)
    EXTI_GenerateSWInterrupt                 0x080058eb   Thumb Code    16  stm32f10x_exti.o(.text)
    EXTI_GetFlagStatus                       0x080058fb   Thumb Code    22  stm32f10x_exti.o(.text)
    EXTI_ClearFlag                           0x08005911   Thumb Code     8  stm32f10x_exti.o(.text)
    EXTI_GetITStatus                         0x08005919   Thumb Code    34  stm32f10x_exti.o(.text)
    EXTI_ClearITPendingBit                   0x0800593b   Thumb Code     8  stm32f10x_exti.o(.text)
    Standard_GetConfiguration                0x0800594d   Thumb Code    34  usb_core.o(.text)
    Standard_SetConfiguration                0x0800596f   Thumb Code    60  usb_core.o(.text)
    Standard_GetInterface                    0x080059ab   Thumb Code    34  usb_core.o(.text)
    Standard_SetInterface                    0x080059cd   Thumb Code    96  usb_core.o(.text)
    Standard_GetStatus                       0x08005a2d   Thumb Code   238  usb_core.o(.text)
    Standard_ClearFeature                    0x08005b1b   Thumb Code   342  usb_core.o(.text)
    Standard_SetEndPointFeature              0x08005c71   Thumb Code   220  usb_core.o(.text)
    Standard_SetDeviceFeature                0x08005d4d   Thumb Code    30  usb_core.o(.text)
    Standard_GetDescriptorData               0x08005d6b   Thumb Code    32  usb_core.o(.text)
    Post0_Process                            0x0800629f   Thumb Code    54  usb_core.o(.text)
    Setup0_Process                           0x080062d5   Thumb Code   170  usb_core.o(.text)
    SetDeviceAddress                         0x0800637f   Thumb Code    70  usb_core.o(.text)
    In0_Process                              0x080063c5   Thumb Code    98  usb_core.o(.text)
    Out0_Process                             0x08006427   Thumb Code    70  usb_core.o(.text)
    NOP_Process                              0x0800646d   Thumb Code     2  usb_core.o(.text)
    USB_Init                                 0x0800649d   Thumb Code    36  usb_init.o(.text)
    CTR_LP                                   0x080064d9   Thumb Code   616  usb_int.o(.text)
    CTR_HP                                   0x08006741   Thumb Code   178  usb_int.o(.text)
    UserToPMABufferCopy                      0x08006815   Thumb Code    52  usb_mem.o(.text)
    PMAToUserBufferCopy                      0x08006849   Thumb Code    34  usb_mem.o(.text)
    SetCNTR                                  0x08006871   Thumb Code     6  usb_regs.o(.text)
    GetCNTR                                  0x08006877   Thumb Code     8  usb_regs.o(.text)
    SetISTR                                  0x0800687f   Thumb Code     8  usb_regs.o(.text)
    GetISTR                                  0x08006887   Thumb Code    10  usb_regs.o(.text)
    GetFNR                                   0x08006891   Thumb Code    10  usb_regs.o(.text)
    SetDADDR                                 0x0800689b   Thumb Code     8  usb_regs.o(.text)
    GetDADDR                                 0x080068a3   Thumb Code    10  usb_regs.o(.text)
    SetBTABLE                                0x080068ad   Thumb Code    14  usb_regs.o(.text)
    GetBTABLE                                0x080068bb   Thumb Code    10  usb_regs.o(.text)
    SetENDPOINT                              0x080068c5   Thumb Code    12  usb_regs.o(.text)
    GetENDPOINT                              0x080068d1   Thumb Code    16  usb_regs.o(.text)
    SetEPType                                0x080068e1   Thumb Code    32  usb_regs.o(.text)
    GetEPType                                0x08006901   Thumb Code    18  usb_regs.o(.text)
    SetEPTxStatus                            0x08006913   Thumb Code    60  usb_regs.o(.text)
    SetEPRxStatus                            0x0800694f   Thumb Code    60  usb_regs.o(.text)
    SetDouBleBuffEPStall                     0x0800698b   Thumb Code    54  usb_regs.o(.text)
    GetEPTxStatus                            0x080069c1   Thumb Code    18  usb_regs.o(.text)
    GetEPRxStatus                            0x080069d3   Thumb Code    18  usb_regs.o(.text)
    SetEPTxValid                             0x080069e5   Thumb Code    48  usb_regs.o(.text)
    SetEPRxValid                             0x08006a15   Thumb Code    48  usb_regs.o(.text)
    SetEP_KIND                               0x08006a45   Thumb Code    38  usb_regs.o(.text)
    ClearEP_KIND                             0x08006a6b   Thumb Code    34  usb_regs.o(.text)
    Clear_Status_Out                         0x08006a8d   Thumb Code    34  usb_regs.o(.text)
    Set_Status_Out                           0x08006aaf   Thumb Code    38  usb_regs.o(.text)
    SetEPDoubleBuff                          0x08006ad5   Thumb Code    38  usb_regs.o(.text)
    ClearEPDoubleBuff                        0x08006afb   Thumb Code    34  usb_regs.o(.text)
    GetTxStallStatus                         0x08006b1d   Thumb Code    28  usb_regs.o(.text)
    GetRxStallStatus                         0x08006b39   Thumb Code    30  usb_regs.o(.text)
    ClearEP_CTR_RX                           0x08006b57   Thumb Code    32  usb_regs.o(.text)
    ClearEP_CTR_TX                           0x08006b77   Thumb Code    28  usb_regs.o(.text)
    ToggleDTOG_RX                            0x08006b93   Thumb Code    34  usb_regs.o(.text)
    ToggleDTOG_TX                            0x08006bb5   Thumb Code    34  usb_regs.o(.text)
    ClearDTOG_RX                             0x08006bd7   Thumb Code    48  usb_regs.o(.text)
    ClearDTOG_TX                             0x08006c07   Thumb Code    48  usb_regs.o(.text)
    SetEPAddress                             0x08006c37   Thumb Code    46  usb_regs.o(.text)
    GetEPAddress                             0x08006c65   Thumb Code    18  usb_regs.o(.text)
    SetEPTxAddr                              0x08006c77   Thumb Code    24  usb_regs.o(.text)
    SetEPRxAddr                              0x08006c8f   Thumb Code    26  usb_regs.o(.text)
    GetEPTxAddr                              0x08006ca9   Thumb Code    22  usb_regs.o(.text)
    GetEPRxAddr                              0x08006cbf   Thumb Code    24  usb_regs.o(.text)
    SetEPTxCount                             0x08006cd7   Thumb Code    20  usb_regs.o(.text)
    SetEPCountRxReg                          0x08006ceb   Thumb Code    48  usb_regs.o(.text)
    SetEPRxCount                             0x08006d1b   Thumb Code    68  usb_regs.o(.text)
    GetEPTxCount                             0x08006d5f   Thumb Code    26  usb_regs.o(.text)
    GetEPRxCount                             0x08006d79   Thumb Code    26  usb_regs.o(.text)
    SetEPDblBuffAddr                         0x08006d93   Thumb Code    44  usb_regs.o(.text)
    SetEPDblBuf0Addr                         0x08006dbf   Thumb Code    24  usb_regs.o(.text)
    SetEPDblBuf1Addr                         0x08006dd7   Thumb Code    26  usb_regs.o(.text)
    GetEPDblBuf0Addr                         0x08006df1   Thumb Code    22  usb_regs.o(.text)
    GetEPDblBuf1Addr                         0x08006e07   Thumb Code    24  usb_regs.o(.text)
    SetEPDblBuffCount                        0x08006e1f   Thumb Code   186  usb_regs.o(.text)
    SetEPDblBuf0Count                        0x08006ed9   Thumb Code    96  usb_regs.o(.text)
    SetEPDblBuf1Count                        0x08006f39   Thumb Code    96  usb_regs.o(.text)
    GetEPDblBuf0Count                        0x08006f99   Thumb Code    26  usb_regs.o(.text)
    GetEPDblBuf1Count                        0x08006fb3   Thumb Code    26  usb_regs.o(.text)
    GetEPDblBufDir                           0x08006fcd   Thumb Code    62  usb_regs.o(.text)
    FreeUserBuffer                           0x0800700b   Thumb Code    90  usb_regs.o(.text)
    ToWord                                   0x08007065   Thumb Code     8  usb_regs.o(.text)
    ByteSwap                                 0x0800706d   Thumb Code    12  usb_regs.o(.text)
    USB_SIL_Init                             0x08007079   Thumb Code    28  usb_sil.o(.text)
    USB_SIL_Write                            0x08007095   Thumb Code    46  usb_sil.o(.text)
    USB_SIL_Read                             0x080070c3   Thumb Code    46  usb_sil.o(.text)
    USBWakeUp_IRQHandler                     0x080070f9   Thumb Code    12  hw_config.o(.text)
    USB_LP_CAN1_RX0_IRQHandler               0x08007105   Thumb Code     8  hw_config.o(.text)
    Set_USBClock                             0x0800710d   Thumb Code    18  hw_config.o(.text)
    Enter_LowPowerMode                       0x0800711f   Thumb Code    16  hw_config.o(.text)
    Leave_LowPowerMode                       0x0800712f   Thumb Code    30  hw_config.o(.text)
    USB_Interrupts_Config                    0x0800714d   Thumb Code    84  hw_config.o(.text)
    USB_Cable_Config                         0x080071a1   Thumb Code    22  hw_config.o(.text)
    Joystick_Send                            0x080071b7   Thumb Code   118  hw_config.o(.text)
    Joystick_Send_mouse                      0x0800722d   Thumb Code    68  hw_config.o(.text)
    Joystick_Send_key                        0x08007271   Thumb Code    92  hw_config.o(.text)
    USB_Port_Set                             0x080072cd   Thumb Code    74  hw_config.o(.text)
    Get_SerialNum                            0x08007355   Thumb Code    42  hw_config.o(.text)
    EP1_IN_Callback                          0x08007401   Thumb Code     8  usb_endp.o(.text)
    USB_Istr                                 0x0800740d   Thumb Code   422  usb_istr.o(.text)
    Joystick_init                            0x080075d9   Thumb Code    30  usb_prop.o(.text)
    Joystick_Reset                           0x080075f7   Thumb Code   204  usb_prop.o(.text)
    Joystick_SetConfiguration                0x080076c3   Thumb Code     2  usb_prop.o(.text)
    Joystick_SetDeviceAddress                0x080076c5   Thumb Code     2  usb_prop.o(.text)
    Joystick_Status_In                       0x080076c7   Thumb Code     2  usb_prop.o(.text)
    Joystick_Status_Out                      0x080076c9   Thumb Code     2  usb_prop.o(.text)
    Joystick_GetProtocolValue                0x080076cb   Thumb Code    20  usb_prop.o(.text)
    Mouse_GetHIDDescriptor                   0x080076df   Thumb Code    14  usb_prop.o(.text)
    KP_GetHIDDescriptor                      0x080076ed   Thumb Code    14  usb_prop.o(.text)
    Mouse_GetReportDescriptor                0x080076fb   Thumb Code    14  usb_prop.o(.text)
    KP_GetReportDescriptor                   0x08007709   Thumb Code    14  usb_prop.o(.text)
    Joystick_Data_Setup                      0x08007717   Thumb Code   144  usb_prop.o(.text)
    Joystick_SetProtocol                     0x080077a7   Thumb Code    14  usb_prop.o(.text)
    Joystick_NoData_Setup                    0x080077b5   Thumb Code    32  usb_prop.o(.text)
    Joystick_GetDeviceDescriptor             0x080077d5   Thumb Code    14  usb_prop.o(.text)
    Joystick_GetConfigDescriptor             0x080077e3   Thumb Code    14  usb_prop.o(.text)
    Joystick_GetStringDescriptor             0x080077f1   Thumb Code    32  usb_prop.o(.text)
    Joystick_Get_Interface_Setting           0x08007811   Thumb Code    22  usb_prop.o(.text)
    PowerOn                                  0x08007859   Thumb Code    54  usb_pwr.o(.text)
    PowerOff                                 0x0800788f   Thumb Code    28  usb_pwr.o(.text)
    Suspend                                  0x080078ab   Thumb Code   142  usb_pwr.o(.text)
    Resume_Init                              0x08007939   Thumb Code    30  usb_pwr.o(.text)
    Resume                                   0x08007957   Thumb Code   194  usb_pwr.o(.text)
    __aeabi_ldivmod                          0x08007a31   Thumb Code    98  ldiv.o(.text)
    __aeabi_memset                           0x08007a93   Thumb Code    14  memseta.o(.text)
    __aeabi_memset4                          0x08007a93   Thumb Code     0  memseta.o(.text)
    __aeabi_memset8                          0x08007a93   Thumb Code     0  memseta.o(.text)
    __aeabi_memclr                           0x08007aa1   Thumb Code     4  memseta.o(.text)
    __aeabi_memclr4                          0x08007aa1   Thumb Code     0  memseta.o(.text)
    __aeabi_memclr8                          0x08007aa1   Thumb Code     0  memseta.o(.text)
    _memset$wrapper                          0x08007aa5   Thumb Code    18  memseta.o(.text)
    strstr                                   0x08007ab7   Thumb Code    36  strstr.o(.text)
    memcmp                                   0x08007adb   Thumb Code    26  memcmp.o(.text)
    __aeabi_fadd                             0x08007af5   Thumb Code   164  fadd.o(.text)
    __aeabi_fsub                             0x08007b99   Thumb Code     6  fadd.o(.text)
    __aeabi_frsub                            0x08007b9f   Thumb Code     6  fadd.o(.text)
    __aeabi_fmul                             0x08007ba5   Thumb Code   100  fmul.o(.text)
    __aeabi_fdiv                             0x08007c09   Thumb Code   124  fdiv.o(.text)
    __aeabi_dadd                             0x08007c85   Thumb Code   322  dadd.o(.text)
    __aeabi_dsub                             0x08007dc7   Thumb Code     6  dadd.o(.text)
    __aeabi_drsub                            0x08007dcd   Thumb Code     6  dadd.o(.text)
    __aeabi_dmul                             0x08007dd3   Thumb Code   228  dmul.o(.text)
    __aeabi_ddiv                             0x08007eb7   Thumb Code   222  ddiv.o(.text)
    __aeabi_i2f                              0x08007f95   Thumb Code    18  fflti.o(.text)
    __aeabi_ui2f                             0x08007fa7   Thumb Code    10  ffltui.o(.text)
    __aeabi_i2d                              0x08007fb1   Thumb Code    34  dflti.o(.text)
    __aeabi_ui2d                             0x08007fd3   Thumb Code    26  dfltui.o(.text)
    __aeabi_f2iz                             0x08007fed   Thumb Code    50  ffixi.o(.text)
    __aeabi_f2uiz                            0x0800801f   Thumb Code    40  ffixui.o(.text)
    __aeabi_f2d                              0x08008047   Thumb Code    38  f2d.o(.text)
    __aeabi_d2f                              0x0800806d   Thumb Code    56  d2f.o(.text)
    __aeabi_cfcmpeq                          0x080080a5   Thumb Code     0  cfcmple.o(.text)
    __aeabi_cfcmple                          0x080080a5   Thumb Code    20  cfcmple.o(.text)
    __aeabi_cfrcmple                         0x080080b9   Thumb Code    20  cfrcmple.o(.text)
    __aeabi_uidiv                            0x080080cd   Thumb Code     0  uidiv.o(.text)
    __aeabi_uidivmod                         0x080080cd   Thumb Code    44  uidiv.o(.text)
    __aeabi_uldivmod                         0x080080f9   Thumb Code    98  uldiv.o(.text)
    __aeabi_llsl                             0x0800815b   Thumb Code    30  llshl.o(.text)
    _ll_shift_l                              0x0800815b   Thumb Code     0  llshl.o(.text)
    __aeabi_lasr                             0x08008179   Thumb Code    36  llsshr.o(.text)
    _ll_sshift_r                             0x08008179   Thumb Code     0  llsshr.o(.text)
    __I$use$fp                               0x0800819d   Thumb Code     0  iusefp.o(.text)
    _float_round                             0x0800819d   Thumb Code    18  fepilogue.o(.text)
    _float_epilogue                          0x080081af   Thumb Code    92  fepilogue.o(.text)
    _double_round                            0x0800820b   Thumb Code    30  depilogue.o(.text)
    _double_epilogue                         0x08008229   Thumb Code   156  depilogue.o(.text)
    __ARM_scalbn                             0x080082c5   Thumb Code    46  dscalb.o(.text)
    scalbn                                   0x080082c5   Thumb Code     0  dscalb.o(.text)
    __aeabi_d2ulz                            0x080082f3   Thumb Code    48  dfixul.o(.text)
    __aeabi_cdrcmple                         0x08008325   Thumb Code    48  cdrcmple.o(.text)
    __scatterload                            0x08008355   Thumb Code    28  init.o(.text)
    __scatterload_rt2                        0x08008355   Thumb Code     0  init.o(.text)
    __aeabi_llsr                             0x08008379   Thumb Code    32  llushr.o(.text)
    _ll_ushift_r                             0x08008379   Thumb Code     0  llushr.o(.text)
    _dsqrt                                   0x08008399   Thumb Code   162  dsqrt.o(.text)
    __decompress                             0x0800843b   Thumb Code     0  __dczerorl2.o(.text)
    __decompress1                            0x0800843b   Thumb Code    86  __dczerorl2.o(.text)
    __0printf                                0x08008491   Thumb Code    22  printfa.o(i.__0printf)
    __1printf                                0x08008491   Thumb Code     0  printfa.o(i.__0printf)
    __2printf                                0x08008491   Thumb Code     0  printfa.o(i.__0printf)
    __c89printf                              0x08008491   Thumb Code     0  printfa.o(i.__0printf)
    printf                                   0x08008491   Thumb Code     0  printfa.o(i.__0printf)
    __ARM_fpclassify                         0x080084b1   Thumb Code    40  fpclassify.o(i.__ARM_fpclassify)
    __kernel_poly                            0x080084d9   Thumb Code   170  poly.o(i.__kernel_poly)
    __mathlib_dbl_infnan                     0x08008583   Thumb Code     6  dunder.o(i.__mathlib_dbl_infnan)
    __mathlib_dbl_infnan2                    0x08008589   Thumb Code     4  dunder.o(i.__mathlib_dbl_infnan2)
    __mathlib_dbl_invalid                    0x0800858d   Thumb Code    12  dunder.o(i.__mathlib_dbl_invalid)
    __mathlib_dbl_underflow                  0x08008599   Thumb Code    10  dunder.o(i.__mathlib_dbl_underflow)
    __scatterload_copy                       0x080085a9   Thumb Code    14  handlers.o(i.__scatterload_copy)
    __scatterload_null                       0x080085b7   Thumb Code     2  handlers.o(i.__scatterload_null)
    __scatterload_zeroinit                   0x080085b9   Thumb Code    14  handlers.o(i.__scatterload_zeroinit)
    __set_errno                              0x080085c9   Thumb Code     6  errno.o(i.__set_errno)
    asin                                     0x08008e89   Thumb Code   572  asin.o(i.asin)
    atan                                     0x080090f9   Thumb Code   474  atan.o(i.atan)
    atan2                                    0x08009319   Thumb Code   346  atan2.o(i.atan2)
    sqrt                                     0x08009499   Thumb Code    76  sqrt.o(i.sqrt)
    reg                                      0x080094e4   Data          27  inv_mpu.o(.constdata)
    hw                                       0x08009500   Data          12  inv_mpu.o(.constdata)
    test                                     0x0800950c   Data          40  inv_mpu.o(.constdata)
    Joystick_DeviceDescriptor                0x0800a12a   Data          18  usb_desc.o(.constdata)
    Joystick_ConfigDescriptor                0x0800a13c   Data          66  usb_desc.o(.constdata)
    Joystick_ReportDescriptor                0x0800a17e   Data          74  usb_desc.o(.constdata)
    Joystick_StringLangID                    0x0800a1c8   Data           4  usb_desc.o(.constdata)
    Joystick_StringVendor                    0x0800a1cc   Data          38  usb_desc.o(.constdata)
    Joystick_StringProduct                   0x0800a1f2   Data          34  usb_desc.o(.constdata)
    KeyboardReportDescriptor                 0x0800a214   Data          63  usb_desc.o(.constdata)
    MouseReportDescriptor                    0x0800a253   Data          54  usb_desc.o(.constdata)
    __mathlib_zero                           0x0800a378   Data           8  qnan.o(.constdata)
    Region$$Table$$Base                      0x0800a41c   Number         0  anon$$obj.o(Region$$Table)
    Region$$Table$$Limit                     0x0800a43c   Number         0  anon$$obj.o(Region$$Table)
    gsm                                      0x20000000   Data           1  main.o(.data)
    UART4_RX_STA                             0x20000002   Data           2  main.o(.data)
    buf                                      0x20000004   Data           8  main.o(.data)
    z                                        0x2000000c   Data           1  main.o(.data)
    t                                        0x2000000d   Data           1  main.o(.data)
    SystemCoreClock                          0x20000010   Data           4  system_stm32f10x.o(.data)
    AHBPrescTable                            0x20000014   Data          16  system_stm32f10x.o(.data)
    Times                                    0x20000064   Data           1  gsm.o(.data)
    First_Int                                0x20000065   Data           1  gsm.o(.data)
    shijian                                  0x20000066   Data           1  gsm.o(.data)
    Timer0_start                             0x20000067   Data           1  gsm.o(.data)
    __stdout                                 0x2000006c   Data           4  usart.o(.data)
    USART_RX_STA                             0x20000070   Data           2  usart.o(.data)
    USART2_RX_STA                            0x20000072   Data           2  usart.o(.data)
    StatusInfo                               0x20000088   Data           2  usb_core.o(.data)
    Data_Mul_MaxPacketSize                   0x2000008a   Data           1  usb_core.o(.data)
    EPindex                                  0x2000008c   Data           1  usb_init.o(.data)
    pInformation                             0x20000090   Data           4  usb_init.o(.data)
    pProperty                                0x20000094   Data           4  usb_init.o(.data)
    SaveState                                0x20000098   Data           2  usb_init.o(.data)
    wInterrupt_Mask                          0x2000009a   Data           2  usb_init.o(.data)
    pUser_Standard_Requests                  0x2000009c   Data           4  usb_init.o(.data)
    SaveRState                               0x200000a0   Data           2  usb_int.o(.data)
    SaveTState                               0x200000a2   Data           2  usb_int.o(.data)
    PrevXferComplete                         0x200000a4   Data           1  hw_config.o(.data)
    Joystick_StringSerial                    0x200000a5   Data          26  usb_desc.o(.data)
    wIstr                                    0x200000c0   Data           2  usb_istr.o(.data)
    bIntPackSOF                              0x200000c2   Data           1  usb_istr.o(.data)
    esof_counter                             0x200000c4   Data           4  usb_istr.o(.data)
    wCNTR                                    0x200000c8   Data           4  usb_istr.o(.data)
    pEpInt_IN                                0x200000cc   Data          28  usb_istr.o(.data)
    pEpInt_OUT                               0x200000e8   Data          28  usb_istr.o(.data)
    ProtocolValue                            0x20000104   Data           4  usb_prop.o(.data)
    Device_Table                             0x20000108   Data           2  usb_prop.o(.data)
    Device_Property                          0x2000010c   Data          48  usb_prop.o(.data)
    User_Standard_Requests                   0x2000013c   Data          36  usb_prop.o(.data)
    Device_Descriptor                        0x20000160   Data           8  usb_prop.o(.data)
    Config_Descriptor                        0x20000168   Data           8  usb_prop.o(.data)
    KP_Report_Descriptor                     0x20000170   Data           8  usb_prop.o(.data)
    KP_Hid_Descriptor                        0x20000178   Data           8  usb_prop.o(.data)
    Mouse_Report_Descriptor                  0x20000180   Data           8  usb_prop.o(.data)
    Mouse_Hid_Descriptor                     0x20000188   Data           8  usb_prop.o(.data)
    String_Descriptor                        0x20000190   Data          32  usb_prop.o(.data)
    bDeviceState                             0x200001b0   Data           4  usb_pwr.o(.data)
    fSuspendEnabled                          0x200001b4   Data           1  usb_pwr.o(.data)
    ResumeS                                  0x200001b5   Data           2  usb_pwr.o(.data)
    remotewakeupon                           0x200001b8   Data           4  usb_pwr.o(.data)
    UART4_RX_BUF                             0x200001c0   Data         200  main.o(.bss)
    Uart2_Buf                                0x20000298   Data         200  gsm.o(.bss)
    USART_RX_BUF                             0x20000360   Data         200  usart.o(.bss)
    USART2_RX_BUF                            0x20000428   Data         200  usart.o(.bss)
    Device_Info                              0x200004f0   Data          28  usb_init.o(.bss)
    EP                                       0x2000050c   Data          32  usb_pwr.o(.bss)
    __initial_sp                             0x20000930   Data           0  startup_stm32f10x_hd.o(STACK)



==============================================================================

Memory Map of the image

  Image Entry point : 0x08000131

  Load Region LR_IROM1 (Base: 0x08000000, Size: 0x0000a5fc, Max: 0x00080000, ABSOLUTE, COMPRESSED[0x0000a4ec])

    Execution Region ER_IROM1 (Exec base: 0x08000000, Load base: 0x08000000, Size: 0x0000a43c, Max: 0x00080000, ABSOLUTE)

    Exec Addr    Load Addr    Size         Type   Attr      Idx    E Section Name        Object

    0x08000000   0x08000000   0x00000130   Data   RO          498    RESET               startup_stm32f10x_hd.o
    0x08000130   0x08000130   0x00000000   Code   RO          803  * .ARM.Collect$$$$00000000  mc_w.l(entry.o)
    0x08000130   0x08000130   0x00000004   Code   RO         1144    .ARM.Collect$$$$00000001  mc_w.l(entry2.o)
    0x08000134   0x08000134   0x00000004   Code   RO         1147    .ARM.Collect$$$$00000004  mc_w.l(entry5.o)
    0x08000138   0x08000138   0x00000000   Code   RO         1149    .ARM.Collect$$$$00000008  mc_w.l(entry7b.o)
    0x08000138   0x08000138   0x00000000   Code   RO         1151    .ARM.Collect$$$$0000000A  mc_w.l(entry8b.o)
    0x08000138   0x08000138   0x00000008   Code   RO         1152    .ARM.Collect$$$$0000000B  mc_w.l(entry9a.o)
    0x08000140   0x08000140   0x00000000   Code   RO         1154    .ARM.Collect$$$$0000000D  mc_w.l(entry10a.o)
    0x08000140   0x08000140   0x00000000   Code   RO         1156    .ARM.Collect$$$$0000000F  mc_w.l(entry11a.o)
    0x08000140   0x08000140   0x00000004   Code   RO         1145    .ARM.Collect$$$$00002712  mc_w.l(entry2.o)
    0x08000144   0x08000144   0x00000774   Code   RO            1    .text               main.o
    0x080008b8   0x080008b8   0x0000001a   Code   RO          139    .text               stm32f10x_it.o
    0x080008d2   0x080008d2   0x00000002   PAD
    0x080008d4   0x080008d4   0x000001e0   Code   RO          183    .text               system_stm32f10x.o
    0x08000ab4   0x08000ab4   0x00000060   Code   RO          201    .text               led.o
    0x08000b14   0x08000b14   0x00000188   Code   RO          236    .text               key.o
    0x08000c9c   0x08000c9c   0x000003a0   Code   RO          265    .text               mpu6050.o
    0x0800103c   0x0800103c   0x00000254   Code   RO          283    .text               mpuiic.o
    0x08001290   0x08001290   0x0000228c   Code   RO          295    .text               inv_mpu.o
    0x0800351c   0x0800351c   0x00000d70   Code   RO          328    .text               inv_mpu_dmp_motion_driver.o
    0x0800428c   0x0800428c   0x00000100   Code   RO          349    .text               hx711.o
    0x0800438c   0x0800438c   0x000001e0   Code   RO          361    .text               gsm.o
    0x0800456c   0x0800456c   0x000000b0   Code   RO          388    .text               delay.o
    0x0800461c   0x0800461c   0x000002c8   Code   RO          403    .text               sys.o
    0x080048e4   0x080048e4   0x00000344   Code   RO          419    .text               usart.o
    0x08004c28   0x08004c28   0x00000024   Code   RO          499    .text               startup_stm32f10x_hd.o
    0x08004c4c   0x08004c4c   0x0000035c   Code   RO          503    .text               stm32f10x_gpio.o
    0x08004fa8   0x08004fa8   0x000003a4   Code   RO          515    .text               stm32f10x_rcc.o
    0x0800534c   0x0800534c   0x00000408   Code   RO          529    .text               stm32f10x_usart.o
    0x08005754   0x08005754   0x000000dc   Code   RO          541    .text               misc.o
    0x08005830   0x08005830   0x0000011c   Code   RO          553    .text               stm32f10x_exti.o
    0x0800594c   0x0800594c   0x00000b50   Code   RO          565    .text               usb_core.o
    0x0800649c   0x0800649c   0x0000003c   Code   RO          583    .text               usb_init.o
    0x080064d8   0x080064d8   0x0000033c   Code   RO          606    .text               usb_int.o
    0x08006814   0x08006814   0x0000005c   Code   RO          630    .text               usb_mem.o
    0x08006870   0x08006870   0x00000808   Code   RO          642    .text               usb_regs.o
    0x08007078   0x08007078   0x00000080   Code   RO          654    .text               usb_sil.o
    0x080070f8   0x080070f8   0x00000308   Code   RO          666    .text               hw_config.o
    0x08007400   0x08007400   0x0000000c   Code   RO          705    .text               usb_endp.o
    0x0800740c   0x0800740c   0x000001cc   Code   RO          718    .text               usb_istr.o
    0x080075d8   0x080075d8   0x00000280   Code   RO          739    .text               usb_prop.o
    0x08007858   0x08007858   0x000001d8   Code   RO          766    .text               usb_pwr.o
    0x08007a30   0x08007a30   0x00000062   Code   RO          806    .text               mc_w.l(ldiv.o)
    0x08007a92   0x08007a92   0x00000024   Code   RO          808    .text               mc_w.l(memseta.o)
    0x08007ab6   0x08007ab6   0x00000024   Code   RO          810    .text               mc_w.l(strstr.o)
    0x08007ada   0x08007ada   0x0000001a   Code   RO          812    .text               mc_w.l(memcmp.o)
    0x08007af4   0x08007af4   0x000000b0   Code   RO         1075    .text               mf_w.l(fadd.o)
    0x08007ba4   0x08007ba4   0x00000064   Code   RO         1077    .text               mf_w.l(fmul.o)
    0x08007c08   0x08007c08   0x0000007c   Code   RO         1079    .text               mf_w.l(fdiv.o)
    0x08007c84   0x08007c84   0x0000014e   Code   RO         1081    .text               mf_w.l(dadd.o)
    0x08007dd2   0x08007dd2   0x000000e4   Code   RO         1083    .text               mf_w.l(dmul.o)
    0x08007eb6   0x08007eb6   0x000000de   Code   RO         1085    .text               mf_w.l(ddiv.o)
    0x08007f94   0x08007f94   0x00000012   Code   RO         1087    .text               mf_w.l(fflti.o)
    0x08007fa6   0x08007fa6   0x0000000a   Code   RO         1089    .text               mf_w.l(ffltui.o)
    0x08007fb0   0x08007fb0   0x00000022   Code   RO         1091    .text               mf_w.l(dflti.o)
    0x08007fd2   0x08007fd2   0x0000001a   Code   RO         1093    .text               mf_w.l(dfltui.o)
    0x08007fec   0x08007fec   0x00000032   Code   RO         1095    .text               mf_w.l(ffixi.o)
    0x0800801e   0x0800801e   0x00000028   Code   RO         1097    .text               mf_w.l(ffixui.o)
    0x08008046   0x08008046   0x00000026   Code   RO         1099    .text               mf_w.l(f2d.o)
    0x0800806c   0x0800806c   0x00000038   Code   RO         1101    .text               mf_w.l(d2f.o)
    0x080080a4   0x080080a4   0x00000014   Code   RO         1103    .text               mf_w.l(cfcmple.o)
    0x080080b8   0x080080b8   0x00000014   Code   RO         1105    .text               mf_w.l(cfrcmple.o)
    0x080080cc   0x080080cc   0x0000002c   Code   RO         1158    .text               mc_w.l(uidiv.o)
    0x080080f8   0x080080f8   0x00000062   Code   RO         1160    .text               mc_w.l(uldiv.o)
    0x0800815a   0x0800815a   0x0000001e   Code   RO         1162    .text               mc_w.l(llshl.o)
    0x08008178   0x08008178   0x00000024   Code   RO         1164    .text               mc_w.l(llsshr.o)
    0x0800819c   0x0800819c   0x00000000   Code   RO         1173    .text               mc_w.l(iusefp.o)
    0x0800819c   0x0800819c   0x0000006e   Code   RO         1174    .text               mf_w.l(fepilogue.o)
    0x0800820a   0x0800820a   0x000000ba   Code   RO         1176    .text               mf_w.l(depilogue.o)
    0x080082c4   0x080082c4   0x0000002e   Code   RO         1178    .text               mf_w.l(dscalb.o)
    0x080082f2   0x080082f2   0x00000030   Code   RO         1180    .text               mf_w.l(dfixul.o)
    0x08008322   0x08008322   0x00000002   PAD
    0x08008324   0x08008324   0x00000030   Code   RO         1182    .text               mf_w.l(cdrcmple.o)
    0x08008354   0x08008354   0x00000024   Code   RO         1184    .text               mc_w.l(init.o)
    0x08008378   0x08008378   0x00000020   Code   RO         1186    .text               mc_w.l(llushr.o)
    0x08008398   0x08008398   0x000000a2   Code   RO         1188    .text               mf_w.l(dsqrt.o)
    0x0800843a   0x0800843a   0x00000056   Code   RO         1200    .text               mc_w.l(__dczerorl2.o)
    0x08008490   0x08008490   0x00000020   Code   RO         1047    i.__0printf         mc_w.l(printfa.o)
    0x080084b0   0x080084b0   0x00000028   Code   RO         1131    i.__ARM_fpclassify  m_ws.l(fpclassify.o)
    0x080084d8   0x080084d8   0x000000aa   Code   RO         1133    i.__kernel_poly     m_ws.l(poly.o)
    0x08008582   0x08008582   0x00000006   Code   RO         1118    i.__mathlib_dbl_infnan  m_ws.l(dunder.o)
    0x08008588   0x08008588   0x00000004   Code   RO         1119    i.__mathlib_dbl_infnan2  m_ws.l(dunder.o)
    0x0800858c   0x0800858c   0x0000000c   Code   RO         1120    i.__mathlib_dbl_invalid  m_ws.l(dunder.o)
    0x08008598   0x08008598   0x00000010   Code   RO         1123    i.__mathlib_dbl_underflow  m_ws.l(dunder.o)
    0x080085a8   0x080085a8   0x0000000e   Code   RO         1194    i.__scatterload_copy  mc_w.l(handlers.o)
    0x080085b6   0x080085b6   0x00000002   Code   RO         1195    i.__scatterload_null  mc_w.l(handlers.o)
    0x080085b8   0x080085b8   0x0000000e   Code   RO         1196    i.__scatterload_zeroinit  mc_w.l(handlers.o)
    0x080085c6   0x080085c6   0x00000002   PAD
    0x080085c8   0x080085c8   0x0000000c   Code   RO         1168    i.__set_errno       mc_w.l(errno.o)
    0x080085d4   0x080085d4   0x00000184   Code   RO         1054    i._fp_digits        mc_w.l(printfa.o)
    0x08008758   0x08008758   0x000006dc   Code   RO         1055    i._printf_core      mc_w.l(printfa.o)
    0x08008e34   0x08008e34   0x00000024   Code   RO         1056    i._printf_post_padding  mc_w.l(printfa.o)
    0x08008e58   0x08008e58   0x0000002e   Code   RO         1057    i._printf_pre_padding  mc_w.l(printfa.o)
    0x08008e86   0x08008e86   0x00000002   PAD
    0x08008e88   0x08008e88   0x00000270   Code   RO          786    i.asin              m_ws.l(asin.o)
    0x080090f8   0x080090f8   0x00000220   Code   RO         1108    i.atan              m_ws.l(atan.o)
    0x08009318   0x08009318   0x00000180   Code   RO          796    i.atan2             m_ws.l(atan2.o)
    0x08009498   0x08009498   0x0000004c   Code   RO         1137    i.sqrt              m_ws.l(sqrt.o)
    0x080094e4   0x080094e4   0x00000050   Data   RO          296    .constdata          inv_mpu.o
    0x08009534   0x08009534   0x00000bf6   Data   RO          330    .constdata          inv_mpu_dmp_motion_driver.o
    0x0800a12a   0x0800a12a   0x0000015f   Data   RO          692    .constdata          usb_desc.o
    0x0800a289   0x0800a289   0x00000007   PAD
    0x0800a290   0x0800a290   0x00000050   Data   RO          787    .constdata          m_ws.l(asin.o)
    0x0800a2e0   0x0800a2e0   0x00000098   Data   RO         1109    .constdata          m_ws.l(atan.o)
    0x0800a378   0x0800a378   0x00000008   Data   RO         1135    .constdata          m_ws.l(qnan.o)
    0x0800a380   0x0800a380   0x0000004d   Data   RO          297    .conststring        inv_mpu.o
    0x0800a3cd   0x0800a3cd   0x00000003   PAD
    0x0800a3d0   0x0800a3d0   0x00000049   Data   RO          363    .conststring        gsm.o
    0x0800a419   0x0800a419   0x00000003   PAD
    0x0800a41c   0x0800a41c   0x00000020   Data   RO         1192    Region$$Table       anon$$obj.o


    Execution Region RW_IRAM1 (Exec base: 0x20000000, Load base: 0x0800a43c, Size: 0x00000930, Max: 0x00010000, ABSOLUTE, COMPRESSED[0x000000b0])

    Exec Addr    Load Addr    Size         Type   Attr      Idx    E Section Name        Object

    0x20000000   COMPRESSED   0x00000010   Data   RW            3    .data               main.o
    0x20000010   COMPRESSED   0x00000014   Data   RW          184    .data               system_stm32f10x.o
    0x20000024   COMPRESSED   0x00000003   Data   RW          237    .data               key.o
    0x20000027   COMPRESSED   0x00000001   PAD
    0x20000028   COMPRESSED   0x00000035   Data   RW          298    .data               inv_mpu.o
    0x2000005d   COMPRESSED   0x00000003   PAD
    0x20000060   COMPRESSED   0x00000008   Data   RW          364    .data               gsm.o
    0x20000068   COMPRESSED   0x00000004   Data   RW          389    .data               delay.o
    0x2000006c   COMPRESSED   0x00000008   Data   RW          421    .data               usart.o
    0x20000074   COMPRESSED   0x00000014   Data   RW          516    .data               stm32f10x_rcc.o
    0x20000088   COMPRESSED   0x00000003   Data   RW          566    .data               usb_core.o
    0x2000008b   COMPRESSED   0x00000001   PAD
    0x2000008c   COMPRESSED   0x00000014   Data   RW          585    .data               usb_init.o
    0x200000a0   COMPRESSED   0x00000004   Data   RW          607    .data               usb_int.o
    0x200000a4   COMPRESSED   0x00000001   Data   RW          667    .data               hw_config.o
    0x200000a5   COMPRESSED   0x0000001a   Data   RW          693    .data               usb_desc.o
    0x200000bf   COMPRESSED   0x00000001   PAD
    0x200000c0   COMPRESSED   0x00000044   Data   RW          719    .data               usb_istr.o
    0x20000104   COMPRESSED   0x000000ac   Data   RW          740    .data               usb_prop.o
    0x200001b0   COMPRESSED   0x0000000c   Data   RW          768    .data               usb_pwr.o
    0x200001bc   COMPRESSED   0x00000004   Data   RW         1169    .data               mc_w.l(errno.o)
    0x200001c0        -       0x000000c8   Zero   RW            2    .bss                main.o
    0x20000288        -       0x00000010   Zero   RW          329    .bss                inv_mpu_dmp_motion_driver.o
    0x20000298        -       0x000000c8   Zero   RW          362    .bss                gsm.o
    0x20000360        -       0x00000190   Zero   RW          420    .bss                usart.o
    0x200004f0        -       0x0000001c   Zero   RW          584    .bss                usb_init.o
    0x2000050c        -       0x00000020   Zero   RW          767    .bss                usb_pwr.o
    0x2000052c   COMPRESSED   0x00000004   PAD
    0x20000530        -       0x00000400   Zero   RW          496    STACK               startup_stm32f10x_hd.o


==============================================================================

Image component sizes


      Code (inc. data)   RO Data    RW Data    ZI Data      Debug   Object Name

       176          8          0          4          0       1011   delay.o
       480        108         73          8        200       2617   gsm.o
       776        130          0          1          0       4342   hw_config.o
       256         32          0          0          0        892   hx711.o
      8844        196        157         53          0      23949   inv_mpu.o
      3440        126       3062          0         16      15375   inv_mpu_dmp_motion_driver.o
       392         34          0          3          0        932   key.o
        96          8          0          0          0     207387   led.o
      1908        310          0         16        200     210500   main.o
       220         22          0          0          0       1761   misc.o
       928         28          0          0          0       4415   mpu6050.o
       596         16          0          0          0       2038   mpuiic.o
        36          8        304          0       1024        772   startup_stm32f10x_hd.o
       284         10          0          0          0       2215   stm32f10x_exti.o
       860         38          0          0          0       5693   stm32f10x_gpio.o
        26          0          0          0          0      24274   stm32f10x_it.o
       932         36          0         20          0       8848   stm32f10x_rcc.o
      1032         22          0          0          0       8416   stm32f10x_usart.o
       712         44          0          0          0       2700   sys.o
       480         38          0         20          0       1679   system_stm32f10x.o
       836         42          0          8        400      16517   usart.o
      2896        114          0          3          0       8499   usb_core.o
         0          0        351         26          0       1180   usb_desc.o
        12          4          0          0          0        414   usb_endp.o
        60         24          0         20         28       4098   usb_init.o
       828         34          0          4          0       1911   usb_int.o
       460         38          0         68          0       1551   usb_istr.o
        92          6          0          0          0       1414   usb_mem.o
       640         50          0        172          0       8067   usb_prop.o
       472         32          0         12         32       2695   usb_pwr.o
      2056         20          0          0          0      11993   usb_regs.o
       128          8          0          0          0       1478   usb_sil.o

    ----------------------------------------------------------------------
     30956       1586       3992        444       1904     589633   Object Totals
         0          0         32          0          0          0   (incl. Generated)
         2          0         13          6          4          0   (incl. Padding)

    ----------------------------------------------------------------------

      Code (inc. data)   RO Data    RW Data    ZI Data      Debug   Library Member Name

       624         52         80          0          0        168   asin.o
       544         70        152          0          0        124   atan.o
       384         38          0          0          0        144   atan2.o
        38          6          0          0          0        272   dunder.o
        40          0          0          0          0         68   fpclassify.o
       170          0          0          0          0         96   poly.o
         0          0          8          0          0          0   qnan.o
        76          0          0          0          0         84   sqrt.o
        86          0          0          0          0          0   __dczerorl2.o
         0          0          0          0          0          0   entry.o
         0          0          0          0          0          0   entry10a.o
         0          0          0          0          0          0   entry11a.o
         8          4          0          0          0          0   entry2.o
         4          0          0          0          0          0   entry5.o
         0          0          0          0          0          0   entry7b.o
         0          0          0          0          0          0   entry8b.o
         8          4          0          0          0          0   entry9a.o
        12          6          0          4          0         68   errno.o
        30          0          0          0          0          0   handlers.o
        36          8          0          0          0         68   init.o
         0          0          0          0          0          0   iusefp.o
        98          0          0          0          0         84   ldiv.o
        30          0          0          0          0         68   llshl.o
        36          0          0          0          0         68   llsshr.o
        32          0          0          0          0         68   llushr.o
        26          0          0          0          0         80   memcmp.o
        36          0          0          0          0        108   memseta.o
      2258         90          0          0          0        452   printfa.o
        36          0          0          0          0         80   strstr.o
        44          0          0          0          0         80   uidiv.o
        98          0          0          0          0         92   uldiv.o
        48          0          0          0          0         68   cdrcmple.o
        20          0          0          0          0         68   cfcmple.o
        20          0          0          0          0         68   cfrcmple.o
        56          0          0          0          0         88   d2f.o
       334          0          0          0          0        148   dadd.o
       222          0          0          0          0        100   ddiv.o
       186          0          0          0          0        176   depilogue.o
        48          0          0          0          0         68   dfixul.o
        34          0          0          0          0         76   dflti.o
        26          0          0          0          0         76   dfltui.o
       228          0          0          0          0         96   dmul.o
        46          0          0          0          0         80   dscalb.o
       162          0          0          0          0        100   dsqrt.o
        38          0          0          0          0         68   f2d.o
       176          0          0          0          0        140   fadd.o
       124          0          0          0          0         88   fdiv.o
       110          0          0          0          0        168   fepilogue.o
        50          0          0          0          0         68   ffixi.o
        40          0          0          0          0         68   ffixui.o
        18          0          0          0          0         68   fflti.o
        10          0          0          0          0         68   ffltui.o
       100          0          0          0          0         76   fmul.o

    ----------------------------------------------------------------------
      6856        278        240          4          0       4296   Library Totals
         6          0          0          0          0          0   (incl. Padding)

    ----------------------------------------------------------------------

      Code (inc. data)   RO Data    RW Data    ZI Data      Debug   Library Name

      1876        166        240          0          0        956   m_ws.l
      2878        112          0          4          0       1316   mc_w.l
      2096          0          0          0          0       2024   mf_w.l

    ----------------------------------------------------------------------
      6856        278        240          4          0       4296   Library Totals

    ----------------------------------------------------------------------

==============================================================================


      Code (inc. data)   RO Data    RW Data    ZI Data      Debug   

     37812       1864       4232        448       1904     589013   Grand Totals
     37812       1864       4232        176       1904     589013   ELF Image Totals (compressed)
     37812       1864       4232        176          0          0   ROM Totals

==============================================================================

    Total RO  Size (Code + RO Data)                42044 (  41.06kB)
    Total RW  Size (RW Data + ZI Data)              2352 (   2.30kB)
    Total ROM Size (Code + RO Data + RW Data)      42220 (  41.23kB)

==============================================================================

